Copyright 1986-2015 Xilinx, Inc. All Rights Reserved.
------------------------------------------------------------------------------------
| Tool Version : Vivado v.2015.4 (win64) Build 1412921 Wed Nov 18 09:43:45 MST 2015
| Date         : Thu Dec 11 23:42:10 2025
| Host         : Piang-Victus running 64-bit major release  (build 9200)
| Command      : report_control_sets -verbose -file top_control_sets_placed.rpt
| Design       : top
| Device       : xc7a35t
------------------------------------------------------------------------------------

Control Set Information

Table of Contents
-----------------
1. Summary
2. Flip-Flop Distribution
3. Detailed Control Set Information

1. Summary
----------

+-------------------------------------------------------------------+-------+
|                               Status                              | Count |
+-------------------------------------------------------------------+-------+
| Number of unique control sets                                     |     7 |
| Minimum Number of register sites lost to control set restrictions |    14 |
+-------------------------------------------------------------------+-------+


2. Flip-Flop Distribution
-------------------------

+--------------+-----------------------+------------------------+-----------------+--------------+
| Clock Enable | Synchronous Set/Reset | Asynchronous Set/Reset | Total Registers | Total Slices |
+--------------+-----------------------+------------------------+-----------------+--------------+
| No           | No                    | No                     |               2 |            1 |
| No           | No                    | Yes                    |              54 |           15 |
| No           | Yes                   | No                     |               0 |            0 |
| Yes          | No                    | No                     |               0 |            0 |
| Yes          | No                    | Yes                    |              58 |           17 |
| Yes          | Yes                   | No                     |               0 |            0 |
+--------------+-----------------------+------------------------+-----------------+--------------+


3. Detailed Control Set Information
-----------------------------------

+------------------+----------------------------------+------------------+------------------+----------------+
|   Clock Signal   |           Enable Signal          | Set/Reset Signal | Slice Load Count | Bel Load Count |
+------------------+----------------------------------+------------------+------------------+----------------+
|  clock_IBUF_BUFG |                                  |                  |                1 |              2 |
|  clock_IBUF_BUFG | uart_inst/bit_index[3]_i_1_n_0   | reset_IBUF       |                2 |              4 |
|  clock_IBUF_BUFG | countdown_active                 | reset_IBUF       |                4 |              8 |
|  clock_IBUF_BUFG | uart_inst/bit_timer[13]_i_1_n_0  | reset_IBUF       |                3 |             14 |
|  clock_IBUF_BUFG | password_state[7]_i_1_n_0        | reset_IBUF       |                5 |             16 |
|  clock_IBUF_BUFG | uut/displayed_number[15]_i_1_n_0 | reset_IBUF       |                3 |             16 |
|  clock_IBUF_BUFG |                                  | reset_IBUF       |               15 |             54 |
+------------------+----------------------------------+------------------+------------------+----------------+


